mv 2013-11-20-whatever-o-meter.md whatever-o-meter.md 
mv 2013-11-20-whatever-o-meter.md~ whatever-o-meter.md~ 
mv 2013-11-28-leek-and-potato-soup.md leek-and-potato-soup.md 
mv 2013-11-28-leek-and-potato-soup.md~ leek-and-potato-soup.md~ 
mv 2013-11-30-spanish-omelette.md spanish-omelette.md 
mv 2013-11-30-spanish-omelette.md~ spanish-omelette.md~ 
mv 2013-12-11-dougs-seafood-risotto.md dougs-seafood-risotto.md 
mv 2013-12-11-dougs-seafood-risotto.md~ dougs-seafood-risotto.md~ 
mv 2013-12-11-pasta-picante.md pasta-picante.md 
mv 2013-12-11-pasta-picante.md~ pasta-picante.md~ 
mv 2013-12-11-spanish-frittata.md spanish-frittata.md 
mv 2013-12-11-spanish-frittata.md~ spanish-frittata.md~ 
mv 2013-12-15-clementine-cake.md clementine-cake.md 
mv 2013-12-15-clementine-cake.md~ clementine-cake.md~ 
mv 2013-12-21-python.md python.md 
mv 2013-12-21-python.md~ python.md~ 
mv 2013-12-21-raspberry-pi-wifi.md raspberry-pi-wifi.md 
mv 2013-12-21-raspberry-pi-wifi.md~ raspberry-pi-wifi.md~ 
mv 2013-12-26-slimstat.md slimstat.md 
mv 2013-12-26-slimstat.md~ slimstat.md~ 
mv 2014-03-29-haskell.md haskell.md 
mv 2014-03-29-haskell.md~ haskell.md~ 
mv 2014-03-29-mexican-breakfast.md mexican-breakfast.md 
mv 2014-03-29-mexican-breakfast.md~ mexican-breakfast.md~ 
mv 2014-04-26-vegetable-soup-plus.md vegetable-soup-plus.md 
mv 2014-04-26-vegetable-soup-plus.md~ vegetable-soup-plus.md~ 
mv 2014-05-23-fabada-asturiana.md fabada-asturiana.md 
mv 2014-05-23-fabada-asturiana.md~ fabada-asturiana.md~ 
mv 2014-05-27-faggots-and-peas-with-onion-gravy.md faggots-and-peas-with-onion-gravy.md 
mv 2014-05-27-faggots-and-peas-with-onion-gravy.md~ faggots-and-peas-with-onion-gravy.md~ 
mv 2014-05-27-truly-evil-onion-gravy.md truly-evil-onion-gravy.md 
mv 2014-05-27-truly-evil-onion-gravy.md~ truly-evil-onion-gravy.md~ 
mv 2014-05-28-upgrading-wordpress.md upgrading-wordpress.md 
mv 2014-05-28-upgrading-wordpress.md~ upgrading-wordpress.md~ 
mv 2014-06-04-concurrency-threads-semaphores-and-mutexes.md concurrency-threads-semaphores-and-mutexes.md 
mv 2014-06-04-concurrency-threads-semaphores-and-mutexes.md~ concurrency-threads-semaphores-and-mutexes.md~
mv 2014-06-06-download-streamed-video.md download-streamed-video.md 
mv 2014-06-06-download-streamed-video.md~ download-streamed-video.md~ 
mv 2014-06-26-coarse-ratatouille.md coarse-ratatouille.md 
mv 2014-06-26-coarse-ratatouille.md~ coarse-ratatouille.md~ 
mv 2014-08-06-unobtainium.md unobtainium.md 
mv 2014-08-06-unobtainium.md~ unobtainium.md~ 
mv 2014-09-04-stuffed-peppers.md stuffed-peppers.md 
mv 2014-09-04-stuffed-peppers.md~ stuffed-peppers.md~ 
mv 2014-11-01-c.md c.md 
mv 2014-11-01-c.md~ c.md~ 
mv 2014-11-01-java-collections.md java-collections.md 
mv 2014-11-01-java-collections.md~ java-collections.md~ 
mv 2015-02-18-transfer-contacts-from-iphone-to-android.md transfer-contacts-from-iphone-to-android.md 
mv 2015-02-18-transfer-contacts-from-iphone-to-android.md~ transfer-contacts-from-iphone-to-android.md~ 
mv 2015-02-25-sausages-with-green-lentils.md sausages-with-green-lentils.md 
mv 2015-02-25-sausages-with-green-lentils.md~ sausages-with-green-lentils.md~ 
mv 2015-03-03-fast-fourier-transform.md fast-fourier-transform.md 
mv 2015-03-03-fast-fourier-transform.md~ fast-fourier-transform.md~ 
mv 2015-04-01-search-engine-optimisation-seo.md search-engine-optimisation-seo.md 
mv 2015-04-01-search-engine-optimisation-seo.md~ search-engine-optimisation-seo.md~ 
mv 2015-04-17-slow-cooked-lamb.md slow-cooked-lamb.md 
mv 2015-04-17-slow-cooked-lamb.md~ slow-cooked-lamb.md~ 
mv 2015-04-28-chorizo-egg-and-tomato-toasted-sandwich.md chorizo-egg-and-tomato-toasted-sandwich.md 
mv 2015-04-28-chorizo-egg-and-tomato-toasted-sandwich.md~ chorizo-egg-and-tomato-toasted-sandwich.md~ 
mv 2015-05-10-handlers-in-android.md handlers-in-android.md 
mv 2015-05-10-handlers-in-android.md~ handlers-in-android.md~ 
mv 2015-06-01-pan-fried-lambs-liver-bacon-and-chorizo.md pan-fried-lambs-liver-bacon-and-chorizo.md 
mv 2015-06-01-pan-fried-lambs-liver-bacon-and-chorizo.md~ pan-fried-lambs-liver-bacon-and-chorizo.md~ 
mv 2015-08-06-fried-rice.md fried-rice.md 
mv 2015-08-06-fried-rice.md~ fried-rice.md~ 
mv 2015-08-31-move-linux-mint-root-partition.md move-linux-mint-root-partition.md 
mv 2015-08-31-move-linux-mint-root-partition.md~ move-linux-mint-root-partition.md~ 
mv 2015-09-19-catalan-slow-cooked-chicken.md catalan-slow-cooked-chicken.md 
mv 2015-09-19-catalan-slow-cooked-chicken.md~ catalan-slow-cooked-chicken.md~ 
mv 2016-01-26-install-osx-el-capitan-on-a-pc-mbr.md install-osx-el-capitan-on-a-pc-mbr.md 
mv 2016-01-26-install-osx-el-capitan-on-a-pc-mbr.md~ install-osx-el-capitan-on-a-pc-mbr.md~ 
mv 2016-02-02-build-mac-osx-apps-using-command-line-tools.md build-mac-osx-apps-using-command-line-tools.md
mv 2016-02-02-build-mac-osx-apps-using-command-line-tools.md build-mac-osx-apps-using-command-line-tools.md~
mv 2016-02-02-read-ibook-books-on-an-android-tablet.md read-ibook-books-on-an-android-tablet.md 
mv 2016-02-02-read-ibook-books-on-an-android-tablet.md~ read-ibook-books-on-an-android-tablet.md~ 
mv 2016-02-27-resurrecting-a-netbook-as-a-web-server.md resurrecting-a-netbook-as-a-web-server.md 
mv 2016-02-27-resurrecting-a-netbook-as-a-web-server.md~ resurrecting-a-netbook-as-a-web-server.md~ 
mv 2016-03-27-shoreham-fish-chowder.md shoreham-fish-chowder.md 
mv 2016-03-27-shoreham-fish-chowder.md~ shoreham-fish-chowder.md~ 
mv 2016-04-21-venison-and-chorizo-casserole.md venison-and-chorizo-casserole.md 
mv 2016-04-21-venison-and-chorizo-casserole.md~ venison-and-chorizo-casserole.md~ 
mv 2016-06-08-whole-broad-beans-in-olive-oil.md whole-broad-beans-in-olive-oil.md 
mv 2016-06-08-whole-broad-beans-in-olive-oil.md~ whole-broad-beans-in-olive-oil.md~ 
mv 2016-07-25-upgrading-to-windows-10.md upgrading-to-windows-10.md 
mv 2016-07-25-upgrading-to-windows-10.md~ upgrading-to-windows-10.md~ 
mv 2016-07-31-replacing-micro-bore-radiators.md replacing-micro-bore-radiators.md 
mv 2016-07-31-replacing-micro-bore-radiators.md~ replacing-micro-bore-radiators.md~ 
mv 2016-09-18-upgrading-a-moto-g.md upgrading-a-moto-g.md 
mv 2016-09-18-upgrading-a-moto-g.md~ upgrading-a-moto-g.md~ 
mv 2016-12-10-using-emacs-as-an-ide.md using-emacs-as-an-ide.md 
mv 2016-12-10-using-emacs-as-an-ide.md~ using-emacs-as-an-ide.md~ 
mv 2017-01-08-handling-run-time-changes-in-android.md handling-run-time-changes-in-android.md 
mv 2017-01-08-handling-run-time-changes-in-android.md~ handling-run-time-changes-in-android.md~ 
mv 2017-04-26-slow-cooked-ox-cheek.md slow-cooked-ox-cheek.md 
mv 2017-04-26-slow-cooked-ox-cheek.md~ slow-cooked-ox-cheek.md~ 
mv 2017-04-26-vegetables-cooked-in-olive-oil.md vegetables-cooked-in-olive-oil.md 
mv 2017-04-26-vegetables-cooked-in-olive-oil.md~ vegetables-cooked-in-olive-oil.md~ 
mv 2017-07-23-resolving-content-uris-in-android.md resolving-content-uris-in-android.md 
mv 2017-07-23-resolving-content-uris-in-android.md~ resolving-content-uris-in-android.md~ 
mv 2017-08-19-migrating-blog-from-wordpress.md migrating-blog-from-wordpress.md 
mv 2017-08-19-migrating-blog-from-wordpress.md~ migrating-blog-from-wordpress.md~ 
mv 2017-08-24-whatever-o-meter-revisited.md whatever-o-meter-revisited.md 
mv 2017-08-24-whatever-o-meter-revisited.md~ whatever-o-meter-revisited.md~ 
mv 2017-09-05-adding-a-calendar-event.md adding-a-calendar-event.md 
mv 2017-09-05-adding-a-calendar-event.md~ adding-a-calendar-event.md~ 
mv 2017-09-13-getting-related-working.md getting-related-working.md 
mv 2017-09-13-getting-related-working.md~ getting-related-working.md~ 
mv 2017-10-14-Markdown-OpenStreetMap-maps.md Markdown-OpenStreetMap-maps.md 
mv 2017-10-14-Markdown-OpenStreetMap-maps.md~ Markdown-OpenStreetMap-maps.md~ 
mv 2017-10-18-carrot-and-coriander-soup.md carrot-and-coriander-soup.md 
mv 2017-10-18-carrot-and-coriander-soup.md~ carrot-and-coriander-soup.md~ 
mv 2017-10-18-using-emacs-in-android.md using-emacs-in-android.md 
mv 2017-10-18-using-emacs-in-android.md~ using-emacs-in-android.md~ 
mv 2017-10-20-thai-red-curry-with-noodles.md thai-red-curry-with-noodles.md 
mv 2017-10-20-thai-red-curry-with-noodles.md~ thai-red-curry-with-noodles.md~ 
mv 2017-10-26-android-text-search.md android-text-search.md 
mv 2017-10-26-android-text-search.md~ android-text-search.md~ 
mv 2017-10-26-butter-beans-in-tomato-sauce.md butter-beans-in-tomato-sauce.md 
mv 2017-10-26-butter-beans-in-tomato-sauce.md~ butter-beans-in-tomato-sauce.md~ 
mv 2017-10-26-corned-beef-chili.md corned-beef-chili.md 
mv 2017-10-26-corned-beef-chili.md~ corned-beef-chili.md~ 
mv 2017-11-05-baked-tomatoes.md baked-tomatoes.md 
mv 2017-11-05-baked-tomatoes.md~ baked-tomatoes.md~ 
mv 2017-11-05-Fried-Whole-Mushrooms.md Fried-Whole-Mushrooms.md 
mv 2017-11-05-Fried-Whole-Mushrooms.md~ Fried-Whole-Mushrooms.md~ 
mv 2017-12-15-android-recent-files.md android-recent-files.md 
mv 2017-12-15-android-recent-files.md~ android-recent-files.md~ 
mv 2018-01-08-android-custom-attributes.md android-custom-attributes.md 
mv 2018-01-08-android-custom-attributes.md~ android-custom-attributes.md~ 
mv 2018-02-04-boiled-beef.md boiled-beef.md 
mv 2018-02-04-boiled-beef.md~ boiled-beef.md~ 
